2026.03.29 11:20:14 INFO  Started: Metals version 1.6.6 in folders '/Users/hilbertmu/source/paynest' for client Cursor 1.105.1.[0m
2026.03.29 11:20:14 INFO  Memory monitor started[0m
2026.03.29 11:20:14 WARN  Using H2 2.4.240 which is newer than the version Flyway has been verified with. The latest verified version of H2 is 2.3.232.[0m
Mar 29, 2026 11:21:15 AM org.eclipse.lsp4j.jsonrpc.services.GenericEndpoint notify
INFO: Unsupported notification method: $/setTrace
Mar 29, 2026 11:21:45 AM org.eclipse.lsp4j.jsonrpc.services.GenericEndpoint notify
INFO: Unsupported notification method: $/setTrace
2026.03.29 11:28:41 INFO  no build target found for /Users/hilbertmu/source/paynest/src/main/java/com/paynestsystem/providers/ProviderA.java. Using fallback presentation compiler.[0m
2026.03.29 11:28:41 INFO  no build target found for /Users/hilbertmu/source/paynest/src/main/java/com/paynestsystem/rules/FallbackRule.java. Using fallback presentation compiler.[0m
2026.03.29 11:28:41 INFO  no build target found for /Users/hilbertmu/source/paynest/src/main/java/com/paynestsystem/rules/RoutingRule.java. Using fallback presentation compiler.[0m
2026.03.29 11:28:41 INFO  no build target found for /Users/hilbertmu/source/paynest/src/main/java/com/paynestsystem/providers/ProviderB.java. Using fallback presentation compiler.[0m
2026.03.29 11:28:41 INFO  no build target found for /Users/hilbertmu/source/paynest/src/main/java/com/paynestsystem/risk/RiskLevel.java. Using fallback presentation compiler.[0m
2026.03.29 11:28:41 INFO  no build target found for /Users/hilbertmu/source/paynest/src/main/java/com/paynestsystem/risk/BasicRiskEvaluator.java. Using fallback presentation compiler.[0m
2026.03.29 11:28:41 INFO  no build target found for /Users/hilbertmu/source/paynest/src/main/java/com/paynestsystem/rules/AbstractRoutingRule.java. Using fallback presentation compiler.[0m
2026.03.29 11:28:41 INFO  no build target found for /Users/hilbertmu/source/paynest/src/main/java/com/paynestsystem/routing/RoutingEngine.java. Using fallback presentation compiler.[0m
2026.03.29 11:28:41 INFO  no build target found for /Users/hilbertmu/source/paynest/src/main/java/com/paynestsystem/rules/BankSupportRule.java. Using fallback presentation compiler.[0m
2026.03.29 11:28:41 INFO  no build target found for /Users/hilbertmu/source/paynest/src/main/java/com/paynestsystem/providers/BasePaymentProvider.java. Using fallback presentation compiler.[0m
2026.03.29 11:28:41 INFO  no build target found for /Users/hilbertmu/source/paynest/src/main/java/com/paynestsystem/routing/DefaultRoutingEngine.java. Using fallback presentation compiler.[0m
2026.03.29 11:28:41 INFO  no build target found for /Users/hilbertmu/source/paynest/src/main/java/com/paynestsystem/rules/AmountRoutingRule.java. Using fallback presentation compiler.[0m
2026.03.29 11:28:41 INFO  no build target found for /Users/hilbertmu/source/paynest/src/main/java/com/paynestsystem/risk/RiskEvaluator.java. Using fallback presentation compiler.[0m
2026.03.29 11:28:41 INFO  no build target found for /Users/hilbertmu/source/paynest/src/main/java/com/paynestsystem/domain/Transaction.java. Using fallback presentation compiler.[0m
2026.03.29 11:28:41 INFO  no build target found for /Users/hilbertmu/source/paynest/src/main/java/com/paynestsystem/providers/PaymentProvider.java. Using fallback presentation compiler.[0m
2026.03.29 11:28:41 INFO  no build target found for /Users/hilbertmu/source/paynest/src/main/java/com/paynestsystem/routing/RouteDecision.java. Using fallback presentation compiler.[0m
2026.03.29 11:29:08 INFO  no build target found for /Users/hilbertmu/source/paynest/src/main/java/com/paynestsystem/config/RoutingConfig.java. Using fallback presentation compiler.[0m
2026.03.29 11:29:10 INFO  no build target found for /Users/hilbertmu/source/paynest/src/main/java/com/paynestsystem/routing/DecisionLogger.java. Using fallback presentation compiler.[0m
2026.03.29 11:29:10 INFO  no build target found for /Users/hilbertmu/source/paynest/src/test/java/com/paynestsystem/risk/BasicRiskEvaluatorTest.java. Using fallback presentation compiler.[0m
2026.03.29 11:29:55 INFO  no build target found for /Users/hilbertmu/source/paynest/src/main/java/com/paynestsystem/risk/RiskLevel.java. Using fallback presentation compiler.[0m
2026.03.29 11:29:55 INFO  no build target found for /Users/hilbertmu/source/paynest/src/main/java/com/paynestsystem/routing/RouteDecision.java. Using fallback presentation compiler.[0m
2026.03.29 11:29:55 INFO  no build target found for /Users/hilbertmu/source/paynest/src/main/java/com/paynestsystem/providers/PaymentProvider.java. Using fallback presentation compiler.[0m
2026.03.29 11:29:55 INFO  no build target found for /Users/hilbertmu/source/paynest/src/main/java/com/paynestsystem/rules/RoutingRule.java. Using fallback presentation compiler.[0m
2026.03.29 11:29:55 INFO  no build target found for /Users/hilbertmu/source/paynest/src/main/java/com/paynestsystem/risk/RiskEvaluator.java. Using fallback presentation compiler.[0m
2026.03.29 11:29:55 INFO  no build target found for /Users/hilbertmu/source/paynest/src/main/java/com/paynestsystem/routing/RoutingEngine.java. Using fallback presentation compiler.[0m
2026.03.29 11:29:55 INFO  no build target found for /Users/hilbertmu/source/paynest/src/main/java/com/paynestsystem/rules/AbstractRoutingRule.java. Using fallback presentation compiler.[0m
2026.03.29 11:29:55 INFO  no build target found for /Users/hilbertmu/source/paynest/src/main/java/com/paynestsystem/providers/BasePaymentProvider.java. Using fallback presentation compiler.[0m
2026.03.29 11:29:55 INFO  no build target found for /Users/hilbertmu/source/paynest/src/main/java/com/paynestsystem/providers/ProviderA.java. Using fallback presentation compiler.[0m
2026.03.29 11:29:55 INFO  no build target found for /Users/hilbertmu/source/paynest/src/main/java/com/paynestsystem/providers/ProviderB.java. Using fallback presentation compiler.[0m
2026.03.29 11:29:55 INFO  no build target found for /Users/hilbertmu/source/paynest/src/main/java/com/paynestsystem/rules/AmountRoutingRule.java. Using fallback presentation compiler.[0m
2026.03.29 11:29:55 INFO  no build target found for /Users/hilbertmu/source/paynest/src/main/java/com/paynestsystem/rules/BankSupportRule.java. Using fallback presentation compiler.[0m
2026.03.29 11:29:55 INFO  no build target found for /Users/hilbertmu/source/paynest/src/main/java/com/paynestsystem/rules/FallbackRule.java. Using fallback presentation compiler.[0m
2026.03.29 11:29:55 INFO  no build target found for /Users/hilbertmu/source/paynest/src/main/java/com/paynestsystem/routing/DefaultRoutingEngine.java. Using fallback presentation compiler.[0m
2026.03.29 11:29:55 INFO  no build target found for /Users/hilbertmu/source/paynest/src/main/java/com/paynestsystem/risk/BasicRiskEvaluator.java. Using fallback presentation compiler.[0m
2026.03.29 11:29:55 INFO  no build target found for /Users/hilbertmu/source/paynest/src/main/java/com/paynestsystem/config/RoutingConfig.java. Using fallback presentation compiler.[0m
2026.03.29 11:29:55 INFO  no build target found for /Users/hilbertmu/source/paynest/src/main/java/com/paynestsystem/routing/DecisionLogger.java. Using fallback presentation compiler.[0m
2026.03.29 11:29:55 INFO  no build target found for /Users/hilbertmu/source/paynest/src/test/java/com/paynestsystem/risk/BasicRiskEvaluatorTest.java. Using fallback presentation compiler.[0m
2026.03.29 11:29:55 INFO  no build target found for /Users/hilbertmu/source/paynest/src/main/java/com/paynestsystem/domain/Transaction.java. Using fallback presentation compiler.[0m
